// Jest Snapshot v1, https://goo.gl/fbAQLP

exports[`<HomePage /> snapshot test 1`] = `
<View
  style={
    {
      "alignItems": "center",
      "backgroundColor": "white",
      "flex": 1,
      "justifyContent": "center",
    }
  }
>
  <ActivityIndicator
    color="purple"
    size="large"
  />
</View>
`;
