// Jest Snapshot v1, https://goo.gl/fbAQLP

exports[`<PlaidComponent /> addStocksScreen snapshot test 1`] = `
[
  <View
    style={
      [
        {
          "flex": 1,
          "overflow": "hidden",
        },
        undefined,
      ]
    }
  >
    <RNCWebView
      cacheEnabled={true}
      injectedJavaScriptBeforeContentLoadedForMainFrameOnly={true}
      injectedJavaScriptForMainFrameOnly={true}
      javaScriptEnabled={true}
      messagingEnabled={true}
      onContentProcessDidTerminate={[Function]}
      onHttpError={[Function]}
      onLoadingError={[Function]}
      onLoadingFinish={[Function]}
      onLoadingProgress={[Function]}
      onLoadingStart={[Function]}
      onMessage={[Function]}
      onShouldStartLoadWithRequest={[Function]}
      source={
        {
          "uri": "https://cdn.plaid.com/link/v2/stable/link.html?isWebview=true&token=",
        }
      }
      style={
        [
          {
            "flex": 1,
            "overflow": "hidden",
          },
          {
            "backgroundColor": "#ffffff",
          },
          {
            "flex": 1,
            "marginTop": 54,
          },
        ]
      }
      textInteractionEnabled={true}
      useSharedProcessPool={true}
    />
  </View>,
  <View>
    <View
      style={
        {
          "alignItems": "center",
          "flex": 1,
          "justifyContent": "center",
        }
      }
    >
      <Modal
        animationType="slide"
        hardwareAccelerated={false}
        onRequestClose={[Function]}
        transparent={true}
        visible={false}
      />
    </View>
  </View>,
]
`;
