// Jest Snapshot v1, https://goo.gl/fbAQLP

exports[`ExchangeCredentials renders correctly snapshot 1`] = `
<View
  style={
    {
      "backgroundColor": "#fff",
      "flex": 1,
      "padding": 20,
    }
  }
>
  <View
    style={
      {
        "alignItems": "center",
        "flexDirection": "row",
        "marginBottom": 20,
      }
    }
  >
    <Text
      style={
        {
          "color": "#000",
          "fontSize": 25,
        }
      }
    >
      binance
       Credentials:
    </Text>
  </View>
  <Text
    style={
      {
        "color": "#000",
        "fontSize": 20,
        "marginBottom": 10,
      }
    }
  >
    API Key:
  </Text>
  <TextInput
    autoCapitalize="none"
    autoCorrect={false}
    onChangeText={[Function]}
    style={
      {
        "backgroundColor": "#fff",
        "borderColor": "gray",
        "borderRadius": 5,
        "borderWidth": 0.5,
        "color": "#000",
        "height": 40,
        "marginBottom": 10,
        "marginTop": 5,
        "padding": 10,
        "width": "100%",
      }
    }
    testID="apiKeyInput"
    value=""
  />
  <Text
    style={
      {
        "color": "#000",
        "fontSize": 20,
        "marginBottom": 10,
      }
    }
  >
    Secret Key:
  </Text>
  <TextInput
    autoCapitalize="none"
    autoCorrect={false}
    onChangeText={[Function]}
    secureTextEntry={true}
    style={
      {
        "backgroundColor": "#fff",
        "borderColor": "gray",
        "borderRadius": 5,
        "borderWidth": 0.5,
        "color": "#000",
        "height": 40,
        "marginBottom": 10,
        "marginTop": 5,
        "padding": 10,
        "width": "100%",
      }
    }
    testID="secretKeyInput"
    value=""
  />
  <View
    accessibilityRole="button"
    accessibilityState={
      {
        "busy": undefined,
        "checked": undefined,
        "disabled": undefined,
        "expanded": undefined,
        "selected": undefined,
      }
    }
    accessibilityValue={
      {
        "max": undefined,
        "min": undefined,
        "now": undefined,
        "text": undefined,
      }
    }
    accessible={true}
    collapsable={false}
    focusable={true}
    onClick={[Function]}
    onResponderGrant={[Function]}
    onResponderMove={[Function]}
    onResponderRelease={[Function]}
    onResponderTerminate={[Function]}
    onResponderTerminationRequest={[Function]}
    onStartShouldSetResponder={[Function]}
    style={
      {
        "opacity": 1,
      }
    }
  >
    <View
      style={
        [
          {},
        ]
      }
    >
      <Text
        style={
          [
            {
              "color": "#007AFF",
              "fontSize": 18,
              "margin": 8,
              "textAlign": "center",
            },
            {
              "color": "#0af",
            },
          ]
        }
      >
        Submit
      </Text>
    </View>
  </View>
</View>
`;
