// Jest Snapshot v1, https://goo.gl/fbAQLP

exports[`useCryptoExchangeBalances should match snapshot 1`] = `
{
  "balances": [],
  "fetchBalances": [Function],
  "setBalances": [Function],
}
`;
